// Jest Snapshot v1, https://goo.gl/fbAQLP

exports[`AppInitializer should render null initially and then should render children 1`] = `null`;

exports[`AppInitializer should render null initially and then should render children 2`] = `
<RCTSafeAreaView
  onLayout={[Function]}
  style={
    {
      "backgroundColor": "#000",
      "flex": 1,
    }
  }
  testID="app-initializer-container-id"
>
  <View
    accessibilityState={
      {
        "busy": undefined,
        "checked": undefined,
        "disabled": undefined,
        "expanded": undefined,
        "selected": undefined,
      }
    }
    accessibilityValue={
      {
        "max": undefined,
        "min": undefined,
        "now": undefined,
        "text": undefined,
      }
    }
    accessible={false}
    collapsable={false}
    focusable={true}
    onBlur={[Function]}
    onClick={[Function]}
    onFocus={[Function]}
    onResponderGrant={[Function]}
    onResponderMove={[Function]}
    onResponderRelease={[Function]}
    onResponderTerminate={[Function]}
    onResponderTerminationRequest={[Function]}
    onStartShouldSetResponder={[Function]}
    style={
      {
        "backgroundColor": "#000",
        "flex": 1,
      }
    }
  >
    <Text>
      App
    </Text>
  </View>
</RCTSafeAreaView>
`;
