// Jest Snapshot v1, https://goo.gl/fbAQLP

exports[`Onboarding should match snapshot 1`] = `
[
  <Text>
    Sign Up
  </Text>,
  <Text
    onPress={[Function]}
  >
    Using Email
  </Text>,
  <Text
    onPress={[Function]}
  >
    Using Nostr
  </Text>,
  <Text
    onPress={[Function]}
  >
    Already have an account?
    Sign in
  </Text>,
]
`;
